Reusing configuration cache.
> Task :composeApp:generateExpectResourceCollectorsForCommonMain UP-TO-DATE
> Task :composeApp:convertXmlValueResourcesForDesktopMain NO-SOURCE
> Task :composeApp:generateCommonMainAppDatabaseInterface UP-TO-DATE
> Task :composeApp:convertXmlValueResourcesForCommonMain NO-SOURCE
> Task :composeApp:generateComposeResClass UP-TO-DATE
> Task :composeApp:copyNonXmlValueResourcesForDesktopMain NO-SOURCE
> Task :composeApp:checkKotlinGradlePluginConfigurationErrors SKIPPED
> Task :composeApp:copyNonXmlValueResourcesForCommonMain UP-TO-DATE
> Task :composeApp:prepareComposeResourcesTaskForDesktopMain NO-SOURCE
> Task :composeApp:generateResourceAccessorsForDesktopMain NO-SOURCE
> Task :composeApp:prepareComposeResourcesTaskForCommonMain UP-TO-DATE
> Task :composeApp:generateResourceAccessorsForCommonMain UP-TO-DATE
> Task :composeApp:generateActualResourceCollectorsForDesktopMain UP-TO-DATE

> Task :composeApp:compileKotlinDesktop FAILED
e: file:///C:/Users/khald/StudioProjects/Associations/composeApp/src/desktopMain/kotlin/org/associations/project/billing/DesktopMonthlyReportRenderer.kt:190:53 Argument type mismatch: actual type is 'kotlin.Double', but 'kotlin.Float' was expected.
e: file:///C:/Users/khald/StudioProjects/Associations/composeApp/src/desktopMain/kotlin/org/associations/project/billing/DesktopMonthlyReportRenderer.kt:192:27 None of the following candidates is applicable:
fun getWidth(p0: Int, p1: Float): Float
fun getWidth(p0: String!, p1: Float): Float
e: file:///C:/Users/khald/StudioProjects/Associations/composeApp/src/desktopMain/kotlin/org/associations/project/billing/DesktopMonthlyReportRenderer.kt:193:47 None of the following candidates is applicable:
fun BigDecimal.div(other: BigDecimal): BigDecimal
fun BigInteger.div(other: BigInteger): BigInteger
e: file:///C:/Users/khald/StudioProjects/Associations/composeApp/src/desktopMain/kotlin/org/associations/project/billing/DesktopMonthlyReportRenderer.kt:196:53 Argument type mismatch: actual type is 'kotlin.Double', but 'kotlin.Float' was expected.

FAILURE: Build failed with an exception.

* What went wrong:
Execution failed for task ':composeApp:compileKotlinDesktop'.
> A failure occurred while executing org.jetbrains.kotlin.compilerRunner.GradleCompilerRunnerWithWorkers$GradleKotlinCompilerWorkAction
   > Compilation error. See log for more details

* Try:
> Run with --stacktrace option to get the stack trace.
> Run with --info or --debug option to get more log output.
> Run with --scan to get full insights.
> Get more help at https://help.gradle.org.

BUILD FAILED in 5s
8 actionable tasks: 1 executed, 7 up-to-date
Configuration cache entry reused.
